Γû▓ Next.js 16.1.6 (Turbopack)
- Environments: .env.local

node.exe : ΓÜá The 
"middleware" file 
convention is deprecated. 
Please use "proxy" 
instead. Learn more: https:
//nextjs.org/docs/messages/
middleware-to-proxy
At line:1 char:1
+ & "C:\Program 
Files\nodejs/node.exe" 
"C:\Users\PJ'S 
PC\AppData\Roamin ...
+ ~~~~~~~~~~~~~~~~~~~~~~~~~
~~~~~~~~~~~~~~~~~~~~~~~~~~~
~~~~~~~~~~~~~~~~~
    + CategoryInfo         
     : NotSpecified: (ΓÜá  
   The "middle...leware-   
 to-proxy:String) [], R    
emoteException
    + FullyQualifiedErrorI 
   d : NativeCommandError
 
  Creating an optimized production build ...
Γ¿» ERROR: This build is 
using Turbopack, with a 
`webpack` config and no 
`turbopack` config.
   This may be a mistake.

   As of Next.js 16 
Turbopack is enabled by 
default and
   custom webpack 
configurations may need to 
be migrated to Turbopack.

   NOTE: your `webpack` 
config may have been added 
by a configuration plugin.

   To configure Turbopack, 
see https://nextjs.org/docs
/app/api-reference/next-con
fig-js/turbopack

   TIP: Many applications 
work fine under Turbopack 
with no configuration,
   if that is the case for 
you, you can silence this 
error by passing the
   `--turbopack` or 
`--webpack` flag 
explicitly or simply 
setting an 
   empty turbopack config 
in your Next config file 
(e.g. `turbopack: {}`).

> Build error occurred
Error: Call retries were 
exceeded
    at ignore-listed 
frames {
  type: 'WorkerError'
}
