src/actions/admin.ts(48,17): error TS2345: Argument of type '{ status: string; }' is not assignable to parameter of type 'never'.
src/actions/admin.ts(69,17): error TS2345: Argument of type '{ status: string; }' is not assignable to parameter of type 'never'.
src/actions/manageSongs.ts(44,30): error TS2339: Property 'file_path' does not exist on type 'never'.
src/actions/manageSongs.ts(77,17): error TS2345: Argument of type '{ title?: string | undefined; artist?: string | undefined; cover_url?: string | undefined; }' is not assignable to parameter of type 'never'.
src/actions/notifications.ts(65,17): error TS2345: Argument of type '{ is_read: boolean; }' is not assignable to parameter of type 'never'.
src/actions/notifications.ts(79,17): error TS2345: Argument of type '{ is_read: boolean; }' is not assignable to parameter of type 'never'.
